I'm sorry, but errors were detected in your script. Please correct the
errors listed below, and try again.


File "game/script.rpy", line 120: expected ':' not found.
    label Emil_2
                ^

Ren'Py Version: Ren'Py 8.5.3.26051504
Wed Oct  7 09:16:15 2026
